// Jest Snapshot v1, https://goo.gl/fbAQLP

exports[`ShowPage should render with correct data 1`] = `
<section
  className="showPage__image-container"
>
  <img
    alt="movie cover backdrop"
    className="showPage__image"
    src="https://image.tmdb.org/t/p/original//zTxHf9iIOCqRbxvl8W5QYKrsMLq.jpg"
  />
  <div
    className="showPage__image-info-container"
  >
    <h3
      className="showPage-container-title"
    >
      Jumanji: The Next Level
    </h3>
    <p
      className="showPage-container-release"
    >
      <span>
        Release Date:
      </span>
      2019-12-04
    </p>
    <p
      className="showPage-container-overview"
    >
      <span>
        Synopsis:
      </span>
      In Jumanji: The Next Level, the gang is back but the game has changed. As they return to rescue one of their own, the players will have to brave parts unknown from arid deserts to snowy mountains, to escape the world's most dangerous game.
    </p>
    <p
      className="showPage-container-averageRating"
    >
      <span>
        Average Rating:
      </span>
      6.666666666666667
    </p>
    <Connect(MovieRatings)
      movieId={1}
    />
  </div>
</section>
`;
