// Jest Snapshot v1, https://goo.gl/fbAQLP

exports[`MoviesContainer should take a snapshot of the data coming in 1`] = `
<Fragment>
  <h1>
    Rancid Tomatillos
  </h1>
  <section
    className="moviesContainer"
  >
    <MoviesCard
      average_rating={4}
      backdrop_path="https://image.tmdb.org/t/p/original//zTxHf9iIOCqRbxvl8W5QYKrsMLq.jpg"
      id={1}
      key="1"
      overview="In Jumanji: The Next Level, the gang is back but the game has changed. As they return to rescue one of their own, the players will have to brave parts unknown from arid deserts to snowy mountains, to escape the world's most dangerous game."
      poster_path="https://image.tmdb.org/t/p/original//l4iknLOenijaB85Zyb5SxH1gGz8.jpg"
      release_date="2019-12-04"
      title="Jumanji: The Next Level"
    />
  </section>
</Fragment>
`;
