// Jest Snapshot v1, https://goo.gl/fbAQLP

exports[`MovieRatings should render with correct data 1`] = `
<Fragment>
  <button
    className="movieCard-btn"
    onClick={[Function]}
  >
    Change Rating
  </button>
  <h4>
    Your rating: 4
  </h4>
</Fragment>
`;
